$ /home/user/dbt-labs/dbt-core/target/debug/dbt check --profiles-dir .
   dbt-oss 2.0.5 (56cf873 2026-09-26 19:52:15)
   Loading profiles.yml
    Failed [  0.02s] check columns_have_descriptions
    Failed [  0.01s] check description_matches_column_jinja
    Failed [  0.01s] check description_matches_column_macro
CONNECT proxy failed: proxy server responded 403/403

=================== Errors and Warnings ====================
[error] [CheckFailed (dbt1650)]: check 'columns_have_descriptions' failed with 1 violation(s)
┌───────────────────────────────┬─────────────┬───────────────────────────┐
│ unique_id                     ┆ column_name ┆ message                   │
╞═══════════════════════════════╪═════════════╪═══════════════════════════╡
│ model.desc_checks.fct_revenue ┆ order_count ┆ column has no description │
└───────────────────────────────┴─────────────┴───────────────────────────┘
[error] [CheckFailed (dbt1650)]: check 'description_matches_column_jinja' failed with 4 violation(s)
┌───────────────────────────────────┬──────────────┬─────────────────────────────────┬───────────────────────────────────────────────────────┐
│ unique_id                         ┆ column_name  ┆ description                     ┆ message                                               │
╞═══════════════════════════════════╪══════════════╪═════════════════════════════════╪═══════════════════════════════════════════════════════╡
│ model.desc_checks.stg_orders      ┆ order_total  ┆ Customer email                  ┆ description does not match column (mock judge, jinja) │
│ model.desc_checks.customer_orders ┆ order_count  ┆ Average basket size in euros    ┆ description does not match column (mock judge, jinja) │
│ model.desc_checks.fct_revenue     ┆ revenue_date ┆ Date the shipment was delivered ┆ description does not match column (mock judge, jinja) │
│ model.desc_checks.stg_customers   ┆ last_name    ┆ Customer phone number           ┆ description does not match column (mock judge, jinja) │
└───────────────────────────────────┴──────────────┴─────────────────────────────────┴───────────────────────────────────────────────────────┘
[error] [CheckFailed (dbt1650)]: check 'description_matches_column_macro' failed with 4 violation(s)
┌───────────────────────────────────┬──────────────┬─────────────────────────────────┬──────────────────────────────────────────────────────────────┐
│ unique_id                         ┆ column_name  ┆ description                     ┆ message                                                      │
╞═══════════════════════════════════╪══════════════╪═════════════════════════════════╪══════════════════════════════════════════════════════════════╡
│ model.desc_checks.stg_orders      ┆ order_total  ┆ Customer email                  ┆ description does not match column (mock judge, duckdb macro) │
│ model.desc_checks.customer_orders ┆ order_count  ┆ Average basket size in euros    ┆ description does not match column (mock judge, duckdb macro) │
│ model.desc_checks.fct_revenue     ┆ revenue_date ┆ Date the shipment was delivered ┆ description does not match column (mock judge, duckdb macro) │
│ model.desc_checks.stg_customers   ┆ last_name    ┆ Customer phone number           ┆ description does not match column (mock judge, duckdb macro) │
└───────────────────────────────────┴──────────────┴─────────────────────────────────┴──────────────────────────────────────────────────────────────┘

==================== Execution Summary =====================
Finished 'check' with 3 errors for target 'dev' [1.3s]
[exit 1]
