$ ls -1 target/info_schema/v1
dbt.analyses.parquet
dbt.checks.parquet
dbt.classifiers.parquet
dbt.column_lineage.parquet
dbt.dag_nodes.parquet
dbt.data_tests.parquet
dbt.docs_blocks.parquet
dbt.edges.parquet
dbt.exposures.parquet
dbt.functions.parquet
dbt.groups.parquet
dbt.hooks.parquet
dbt.macros.parquet
dbt.metrics.parquet
dbt.models.parquet
dbt.node_columns.parquet
dbt.packages.parquet
dbt.project.parquet
dbt.project_env_vars.parquet
dbt.project_vars.parquet
dbt.saved_queries.parquet
dbt.seeds.parquet
dbt.semantic_dimensions.parquet
dbt.semantic_entities.parquet
dbt.semantic_measures.parquet
dbt.semantic_models.parquet
dbt.semantic_relationships.parquet
dbt.snapshots.parquet
dbt.sources.parquet
dbt.time_spines.parquet
dbt.unit_tests.parquet
dbt_internal.node_input_files.parquet
dbt_rt.adapter_queries.parquet
dbt_rt.diagnostics.parquet
dbt_rt.freshness.parquet
dbt_rt.invocations.parquet
dbt_rt.relations.parquet
dbt_rt.run_results.parquet
views.sql
[exit 0]
