$ uv run --project /home/user/jev-demos/05-dbt-v2-checks python probes/inventory.py target/info_schema/v1
dbt.analyses                     rows=0    cols=65  unique_id, name, resource_type, package_name, original_file_path, fqn, list, element, alias, description, node_language, raw_code, database_name, schema_name, relation_name, identifier, enabled, materialized, incremental_strategy, on_schema_change, unique_key, full_refresh, persist_docs, pre_hook, post_hook, grants, config, access, group, contract_enforced, version, latest_version, deprecation_date, constraints, primary_key, list, element, docs_show, properties_yml_file_path, time_spine, tags, list, element, classifiers, list, element, meta, ai_context, compiled_code, compiled_path, search_text, grain, list, element, grain_declared, list, element, grain_tested, list, element, grain_inferred, list, element, layer_inferred, ingested_at
dbt.checks                       rows=9    cols=65  unique_id, name, resource_type, package_name, original_file_path, fqn, list, element, alias, description, node_language, raw_code, database_name, schema_name, relation_name, identifier, enabled, materialized, incremental_strategy, on_schema_change, unique_key, full_refresh, persist_docs, pre_hook, post_hook, grants, config, access, group, contract_enforced, version, latest_version, deprecation_date, constraints, primary_key, list, element, docs_show, properties_yml_file_path, time_spine, tags, list, element, classifiers, list, element, meta, ai_context, compiled_code, compiled_path, search_text, grain, list, element, grain_declared, list, element, grain_tested, list, element, grain_inferred, list, element, layer_inferred, ingested_at
dbt.classifiers                  rows=0    cols=7   name, propagate, labels, list, element, description, ingested_at
dbt.column_lineage               rows=0    cols=7   arrow_schema, parent_node_unique_id, parent_column_name, child_node_unique_id, child_column_name, evolution, ingested_at
dbt.dag_nodes                    rows=4    cols=3   unique_id, resource_type, ingested_at
dbt.data_tests                   rows=0    cols=37  unique_id, name, package_name, original_file_path, raw_code, fqn, list, element, description, database_name, schema_name, relation_name, enabled, materialized, config, tags, list, element, meta, group, properties_yml_file_path, compiled_code, compiled_path, test_name, test_definition_package, arguments, column_name, node_unique_id, severity, warn_if, error_if, fail_calc, store_failures, store_failures_as, where, limit, ingested_at
dbt.docs_blocks                  rows=1    cols=6   unique_id, name, package_name, original_file_path, content, ingested_at
dbt.edges                        rows=624  cols=3   parent_unique_id, child_unique_id, ingested_at
dbt.exposures                    rows=0    cols=24  unique_id, name, exposure_type, label, owner_name, owner_email, url, maturity, description, package_name, original_file_path, fqn, list, element, depends_on, list, element, tags, list, element, meta, config, created_at, ingested_at
dbt.functions                    rows=0    cols=65  unique_id, name, resource_type, package_name, original_file_path, fqn, list, element, alias, description, node_language, raw_code, database_name, schema_name, relation_name, identifier, enabled, materialized, incremental_strategy, on_schema_change, unique_key, full_refresh, persist_docs, pre_hook, post_hook, grants, config, access, group, contract_enforced, version, latest_version, deprecation_date, constraints, primary_key, list, element, docs_show, properties_yml_file_path, time_spine, tags, list, element, classifiers, list, element, meta, ai_context, compiled_code, compiled_path, search_text, grain, list, element, grain_declared, list, element, grain_tested, list, element, grain_inferred, list, element, layer_inferred, ingested_at
dbt.groups                       rows=0    cols=9   unique_id, name, description, package_name, original_file_path, owner_name, owner_email, config, ingested_at
dbt.hooks                        rows=0    cols=65  unique_id, name, resource_type, package_name, original_file_path, fqn, list, element, alias, description, node_language, raw_code, database_name, schema_name, relation_name, identifier, enabled, materialized, incremental_strategy, on_schema_change, unique_key, full_refresh, persist_docs, pre_hook, post_hook, grants, config, access, group, contract_enforced, version, latest_version, deprecation_date, constraints, primary_key, list, element, docs_show, properties_yml_file_path, time_spine, tags, list, element, classifiers, list, element, meta, ai_context, compiled_code, compiled_path, search_text, grain, list, element, grain_declared, list, element, grain_tested, list, element, grain_inferred, list, element, layer_inferred, ingested_at
dbt.macros                       rows=525  cols=15  unique_id, name, package_name, original_file_path, macro_sql, description, depends_on_macros, list, element, arguments, docs_show, properties_yml_file_path, meta, created_at, ingested_at
dbt.metrics                      rows=0    cols=26  unique_id, name, label, metric_type, description, package_name, original_file_path, fqn, list, element, type_params, metric_filter, time_granularity, semantic_model_name, input_metric_names, list, element, group, tags, list, element, meta, ai_context, config, created_at, ingested_at
dbt.models                       rows=4    cols=65  unique_id, name, resource_type, package_name, original_file_path, fqn, list, element, alias, description, node_language, raw_code, database_name, schema_name, relation_name, identifier, enabled, materialized, incremental_strategy, on_schema_change, unique_key, full_refresh, persist_docs, pre_hook, post_hook, grants, config, access, group, contract_enforced, version, latest_version, deprecation_date, constraints, primary_key, list, element, docs_show, properties_yml_file_path, time_spine, tags, list, element, classifiers, list, element, meta, ai_context, compiled_code, compiled_path, search_text, grain, list, element, grain_declared, list, element, grain_tested, list, element, grain_inferred, list, element, layer_inferred, ingested_at
dbt.node_columns                 rows=17   cols=23  node_unique_id, column_name, column_index, data_type_declared, data_type_inferred, data_type_actual, data_type, description, label, expression, quote, granularity, tags, list, element, classifiers, list, element, meta, constraints, tests, comment, ingested_at
dbt.packages                     rows=1    cols=7   package_name, package_source, version, git_url, git_revision, local_path, ingested_at
dbt.project                      rows=1    cols=11  schema_version, project_name, dbt_version, adapter_type, quoting, ai_context, git_sha, git_branch, git_uncommitted_changes, last_full_parse_at, ingested_at
dbt.project_env_vars             rows=3    cols=2   env_var_name, ingested_at
dbt.project_vars                 rows=0    cols=4   project_name, var_name, var_value, ingested_at
dbt.saved_queries                rows=0    cols=21  unique_id, name, label, description, package_name, original_file_path, fqn, list, element, query_params, exports, depends_on, list, element, group, tags, list, element, config, created_at, ingested_at
dbt.seeds                        rows=0    cols=65  unique_id, name, resource_type, package_name, original_file_path, fqn, list, element, alias, description, node_language, raw_code, database_name, schema_name, relation_name, identifier, enabled, materialized, incremental_strategy, on_schema_change, unique_key, full_refresh, persist_docs, pre_hook, post_hook, grants, config, access, group, contract_enforced, version, latest_version, deprecation_date, constraints, primary_key, list, element, docs_show, properties_yml_file_path, time_spine, tags, list, element, classifiers, list, element, meta, ai_context, compiled_code, compiled_path, search_text, grain, list, element, grain_declared, list, element, grain_tested, list, element, grain_inferred, list, element, layer_inferred, ingested_at
dbt.semantic_dimensions          rows=0    cols=11  unique_id, name, dimension_type, description, label, expr, is_partition, time_granularity, validity_params, config, ingested_at
dbt.semantic_entities            rows=0    cols=9   unique_id, name, entity_type, description, label, entity_role, expr, config, ingested_at
dbt.semantic_measures            rows=0    cols=12  unique_id, name, agg, description, label, expr, create_metric, agg_time_dimension, agg_params, non_additive_dimension, config, ingested_at
dbt.semantic_models              rows=0    cols=17  unique_id, name, model, label, description, package_name, original_file_path, fqn, list, element, node_relation, primary_entity, defaults, group, config, created_at, ingested_at
dbt.semantic_relationships       rows=0    cols=13  name, from_node_unique_id, to_node_unique_id, from_column_names, list, element, to_column_names, list, element, cardinality, relationship_type, ai_context, ingested_at
dbt.snapshots                    rows=0    cols=65  unique_id, name, resource_type, package_name, original_file_path, fqn, list, element, alias, description, node_language, raw_code, database_name, schema_name, relation_name, identifier, enabled, materialized, incremental_strategy, on_schema_change, unique_key, full_refresh, persist_docs, pre_hook, post_hook, grants, config, access, group, contract_enforced, version, latest_version, deprecation_date, constraints, primary_key, list, element, docs_show, properties_yml_file_path, time_spine, tags, list, element, classifiers, list, element, meta, ai_context, compiled_code, compiled_path, search_text, grain, list, element, grain_declared, list, element, grain_tested, list, element, grain_inferred, list, element, layer_inferred, ingested_at
dbt.sources                      rows=0    cols=74  unique_id, name, resource_type, package_name, original_file_path, fqn, list, element, alias, description, node_language, raw_code, database_name, schema_name, relation_name, identifier, enabled, materialized, incremental_strategy, on_schema_change, unique_key, full_refresh, persist_docs, pre_hook, post_hook, grants, config, access, group, contract_enforced, version, latest_version, deprecation_date, constraints, primary_key, list, element, docs_show, properties_yml_file_path, time_spine, tags, list, element, classifiers, list, element, meta, ai_context, compiled_code, compiled_path, search_text, grain, list, element, grain_declared, list, element, grain_tested, list, element, grain_inferred, list, element, layer_inferred, source_name, source_description, loader, loaded_at_field, loaded_at_query, freshness, external, source_meta, quoting, ingested_at
dbt.time_spines                  rows=0    cols=6   unique_id, primary_column, primary_granularity, custom_granularities, node_relation, ingested_at
dbt.unit_tests                   rows=0    cols=16  unique_id, name, model, description, package_name, original_file_path, fqn, list, element, given, expect, overrides, versions, config, created_at, ingested_at
dbt_internal.node_input_files    rows=0    cols=5   unique_id, file_path, file_hash, input_kind, ingested_at
dbt_rt.adapter_queries           rows=0    cols=11  unique_id, invocation_id, query_index, query_sql, query_id, rows_affected, bytes_scanned, query_cost, error_message, started_at, completed_at
dbt_rt.diagnostics               rows=0    cols=8   unique_id, invocation_id, severity, code, message, detail, source_phase, created_at
dbt_rt.freshness                 rows=0    cols=20  arrow_schema, unique_id, resource_type, invocation_id, status, max_loaded_at, snapshotted_at, max_loaded_at_time_ago, execution_time, thread_id, error, warn_after_count, warn_after_period, error_after_count, error_after_period, freshness_filter, adapter_response, timing, created_at, ingested_at
dbt_rt.invocations               rows=0    cols=18  arrow_schema, invocation_id, command, selector, dbt_version, generated_at, elapsed_time, args, node_count, target_name, target_type, target_database, target_schema, target_threads, vars_override, git_sha, git_branch, git_uncommitted_changes
dbt_rt.relations                 rows=0    cols=11  arrow_schema, unique_id, table_type, table_owner, database_name, schema_name, table_name, row_count, bytes, last_modified, ingested_at
dbt_rt.run_results               rows=0    cols=16  arrow_schema, unique_id, invocation_id, status, execution_time, thread_id, message, failures, compiled, compiled_code_hash, relation_name, adapter_response, timing, batch_results, rows_affected, created_at

-- what the judge needs, per model column (first 40 chars of SQL):
model | column_name | data_type_declared | data_type_inferred | data_type | description | compiled_code
customer_orders | customer_id | integer | NULL | NULL | Unique id of the customer | select     c.customer_id,     min(o.orde
customer_orders | first_order_date | date | NULL | NULL | Date of the customer's most recent order | select     c.customer_id,     min(o.orde
customer_orders | lifetime_value | decimal(38,2) | NULL | NULL | Customer lifetime value | select     c.customer_id,     min(o.orde
customer_orders | order_count | bigint | NULL | NULL | Average basket size in euros | select     c.customer_id,     min(o.orde
fct_revenue | daily_revenue | decimal(38,2) | NULL | NULL | Daily revenue | select     order_date         as revenue
fct_revenue | order_count | bigint | NULL | NULL | NULL | select     order_date         as revenue
fct_revenue | revenue_date | date | NULL | NULL | Date the shipment was delivered | select     order_date         as revenue
stg_customers | customer_id | integer | NULL | NULL | Unique id of the customer | select * from (values     (1, 'Ada',    
stg_customers | email | varchar | NULL | NULL | The customer's email | select * from (values     (1, 'Ada',    
stg_customers | first_name | varchar | NULL | NULL | Customer first name | select * from (values     (1, 'Ada',    
stg_customers | last_name | varchar | NULL | NULL | Customer phone number | select * from (values     (1, 'Ada',    
stg_customers | signup_date | date | NULL | NULL | Customer signup date | select * from (values     (1, 'Ada',    
stg_orders | customer_id | integer | NULL | NULL | Foreign key to the customer | select * from (values     (101, 1, date 
stg_orders | order_date | date | NULL | NULL | Order placement date | select * from (values     (101, 1, date 
stg_orders | order_id | integer | NULL | NULL | Unique id of the order | select * from (values     (101, 1, date 
stg_orders | order_total | decimal(10,2) | NULL | NULL | Customer email | select * from (values     (101, 1, date 
stg_orders | status | varchar | NULL | NULL | Order status | select * from (values     (101, 1, date 

-- column_lineage:
[exit 0]
